// Jest Snapshot v1, https://goo.gl/fbAQLP

exports[`Renders a default button 1`] = `
<input
  className="
      active:bg-default-400 
      hover:bg-default-700 
      bg-default-500 
      focus:outline-none 
      px-3 
      py-2 
      rounded
      text-default 
      bg-opacity-100
      cursor-pointer
    "
  disabled={false}
  type="button"
  value="Default"
/>
`;
